// Jest Snapshot v1, https://goo.gl/fbAQLP

exports[`<SensorsWarning /> renders SensorsWarning component 1`] = `null`;
