// Jest Snapshot v1, https://goo.gl/fbAQLP

exports[`showing <InvalidHvacFormSnackbar /> renders InvalidHvacFormSnackbar component 1`] = `null`;
