// Jest Snapshot v1, https://goo.gl/fbAQLP

exports[`WarningSnackbar component Matches the snapshot 1`] = `null`;
