// Jest Snapshot v1, https://goo.gl/fbAQLP

exports[`<Dashboard /> should render Dashboard with given store 1`] = `
<div
  className="MuiGrid-root MuiGrid-container"
  data-testid="dashboard-content-id"
  maxwidth="xs"
>
  <div
    className="MuiGrid-root makeStyles-mapBackground-104 MuiGrid-container MuiGrid-item MuiGrid-align-items-xs-center MuiGrid-justify-xs-center MuiGrid-grid-xs-9"
  >
    <div
      className="makeStyles-mapContainer-105"
    >
       
      <img
        alt="Your Smart Home Map"
        src="/frontend/src/assets/changeMe.jpg"
      />
    </div>
  </div>
  <div
    className="MuiGrid-root makeStyles-listContainer-106 MuiGrid-item MuiGrid-grid-xs-3"
  />
</div>
`;
